<html>
<body>
<pre>
<h1>µVision Build Log</h1>
<h2>Tool Versions:</h2>
IDE-Version: µVision V5.24.2.0
Copyright (C) 2017 ARM Ltd and ARM Germany GmbH. All rights reserved.
License Information:   ,  , LIC=----
 
Tool Versions:
Toolchain:       MDK-Lite  Version: 5.24.1
Toolchain Path:  C:\Keil_v5\ARM\ARMCC\Bin
C Compiler:      Armcc.exe V5.06 update 5 (build 528)
Assembler:       Armasm.exe V5.06 update 5 (build 528)
Linker/Locator:  ArmLink.exe V5.06 update 5 (build 528)
Library Manager: ArmAr.exe V5.06 update 5 (build 528)
Hex Converter:   FromElf.exe V5.06 update 5 (build 528)
CPU DLL:         SARMCM3.DLL V5.24.1
Dialog DLL:      DCM.DLL V1.16.0.0
Target DLL:      lmidk-agdi.dll V???
Dialog DLL:      TCM.DLL V1.32.0.0
 
<h2>Project:</h2>
C:\Users\hesha\Documents\GitHub\ABC_Pulse_Gen_Cap_UART\capture\capture.uvproj
Project File Date:  12/26/2017

<h2>Output:</h2>
*** Using Compiler 'V5.06 update 5 (build 528)', folder: 'C:\Keil_v5\ARM\ARMCC\Bin'
Rebuild target 'Target 1'
assembling startup.s...
compiling timer_capture_init.c...
compiling main.c...
compiling systick_init.c...
compiling FPUInit.c...
compiling UART.c...
UART.c(40): warning:  #1035-D: single-precision operand implicitly converted to double-precision
  	anotherIntValue = (int)(diffValue * 1000.0);
UART.c(41): warning:  #223-D: function "sprintf" declared implicitly
  	sprintf(charArr, "%d.%d", intValue, anotherIntValue); //ignore warning
UART.c(97): warning:  #223-D: function "sprintf" declared implicitly
  	sprintf(charArr, "%d", num);
UART.c: 3 warnings, 0 errors
compiling PWM.c...
PWM.c(27): warning:  #177-D: variable "lastEdge"  was declared but never referenced
   int lastEdge, thisEdge;  
PWM.c(27): warning:  #177-D: variable "thisEdge"  was declared but never referenced
   int lastEdge, thisEdge;  
PWM.c: 2 warnings, 0 errors
linking...
Program Size: Code=4708 RO-data=272 RW-data=48 ZI-data=1176  
".\capture.axf" - 0 Error(s), 5 Warning(s).
Build Time Elapsed:  00:00:02
</pre>
</body>
</html>
